[backblue.gif]
[fade.gif]
[index.html]
[themes.themebear.co/html-templates/amore/favicon2.ico]
[themes.themebear.co/html-templates/amore/vendor/bootstrap/css/bootstrap.min.css]
[themes.themebear.co/html-templates/amore/vendor/owl.carousel/assets/owl.carousel.css]
[themes.themebear.co/html-templates/amore/vendor/owl.carousel/assets/owl.theme.default.min.css]
[themes.themebear.co/html-templates/amore/vendor/animate.css]
[themes.themebear.co/html-templates/amore/vendor/font-awesome/css/font-awesome.min.css]
[themes.themebear.co/html-templates/amore/vendor/simplelightbox/dist/simplelightbox.min.css]
[themes.themebear.co/html-templates/amore/css/styles.css]
[themes.themebear.co/html-templates/amore/img/home-banner-slide1.jpg]
[themes.themebear.co/html-templates/amore/img/about-item-img.jpg]
[themes.themebear.co/html-templates/amore/img/about-item-img2.jpg]
[themes.themebear.co/html-templates/amore/img/testimonials-bg.jpg]
[themes.themebear.co/html-templates/amore/img/story-img1.jpg]
[themes.themebear.co/html-templates/amore/img/story-img2.jpg]
[themes.themebear.co/html-templates/amore/img/story-img3.jpg]
[themes.themebear.co/html-templates/amore/img/special-event-bg.jpg]
[themes.themebear.co/html-templates/amore/img/gallery-img2.jpg]
[themes.themebear.co/html-templates/amore/img/gallery-img5.jpg]
[themes.themebear.co/html-templates/amore/img/gallery-img8.jpg]
[themes.themebear.co/html-templates/amore/img/gallery-img7.jpg]
[themes.themebear.co/html-templates/amore/img/gallery-img1.jpg]
[themes.themebear.co/html-templates/amore/img/client1.png]
[themes.themebear.co/html-templates/amore/img/client2.png]
[themes.themebear.co/html-templates/amore/img/client3.png]
[themes.themebear.co/html-templates/amore/img/client4.png]
[themes.themebear.co/html-templates/amore/img/img1-3.jpg]
[themes.themebear.co/html-templates/amore/img/img2.jpg]
[themes.themebear.co/html-templates/amore/img/img7.jpg]
[themes.themebear.co/html-templates/amore/img/img8.jpg]
[themes.themebear.co/html-templates/amore/img/img9.jpg]
[themes.themebear.co/html-templates/amore/img/img10.jpg]
[themes.themebear.co/html-templates/amore/img/contact-bg.jpg]
[themes.themebear.co/html-templates/amore/vendor/jquery-1.12.4.min.js]
[themes.themebear.co/html-templates/amore/vendor/jquery.countdown.min.js]
[themes.themebear.co/html-templates/amore/vendor/bootstrap/js/bootstrap.min.js]
[themes.themebear.co/html-templates/amore/vendor/validate.js]
[themes.themebear.co/html-templates/amore/vendor/imagesloaded.pkgd.min.js]
[themes.themebear.co/html-templates/amore/vendor/waypoints.min.js]
[themes.themebear.co/html-templates/amore/vendor/cross-browser.js]
[themes.themebear.co/html-templates/amore/vendor/jquery.matchHeight-min.js]
[themes.themebear.co/html-templates/amore/vendor/simplelightbox/dist/simple-lightbox.min.js]
[themes.themebear.co/html-templates/amore/vendor/owl.carousel/owl.carousel.min.js]
[themes.themebear.co/html-templates/amore/index.html]
[themes.themebear.co/html-templates/amore/js/main.js]
[themes.themebear.co/html-templates/amore/vendor/bootstrap/fonts/glyphicons-halflings-regular.woff]
[themes.themebear.co/html-templates/amore/vendor/bootstrap/fonts/glyphicons-halflings-regular.ttf]
[themes.themebear.co/html-templates/amore/vendor/bootstrap/fonts/glyphicons-halflings-regular.eot]
[themes.themebear.co/html-templates/amore/vendor/bootstrap/css/bootstrap.min.css]
[themes.themebear.co/html-templates/amore/vendor/bootstrap/fonts/glyphicons-halflings-regulard41d.eot]
[fonts.googleapis.com/css9d23.css]
[fonts.googleapis.com/css5d2a.css]
[themes.themebear.co/html-templates/amore/vendor/owl.carousel/assets/owl.carousel.css]
[themes.themebear.co/html-templates/amore/vendor/owl.carousel/assets/owl.theme.default.min.css]
[themes.themebear.co/html-templates/amore/vendor/animate.css]
[themes.themebear.co/html-templates/amore/vendor/font-awesome/fonts/fontawesome-webfont78ce.woff]
[themes.themebear.co/html-templates/amore/vendor/font-awesome/fonts/fontawesome-webfont78ce.ttf]
[themes.themebear.co/html-templates/amore/vendor/font-awesome/fonts/fontawesome-webfont78ce.eot]
[themes.themebear.co/html-templates/amore/vendor/font-awesome/css/font-awesome.min.css]
[themes.themebear.co/html-templates/amore/vendor/simplelightbox/dist/simplelightbox.min.css]
[themes.themebear.co/html-templates/amore/vendor/font-awesome/fonts/fontawesome-webfontd41d.eot]
[themes.themebear.co/html-templates/amore/img/heart-leaves-line.png]
[themes.themebear.co/html-templates/amore/img/title-section-bg.png]
[themes.themebear.co/html-templates/amore/img/intro-heart.png]
[themes.themebear.co/html-templates/amore/img/nav-heart.png]
[themes.themebear.co/html-templates/amore/img/small-heart-gray-2.png]
[themes.themebear.co/html-templates/amore/img/slider-heading-bg-left.png]
[themes.themebear.co/html-templates/amore/img/slider-heading-bg-right.png]
[themes.themebear.co/html-templates/amore/img/hearts-arrow.png]
[themes.themebear.co/html-templates/amore/img/hearts-arrow-alt.png]
[themes.themebear.co/html-templates/amore/img/pink-prop-left.png]
[themes.themebear.co/html-templates/amore/img/pink-prop-right.png]
[themes.themebear.co/html-templates/amore/img/big-heart.png]
[themes.themebear.co/html-templates/amore/img/pink-prop-top-left.png]
[themes.themebear.co/html-templates/amore/img/pink-prop-bottom-right.png]
[themes.themebear.co/html-templates/amore/img/pink-prop-bottom-left.png]
[themes.themebear.co/html-templates/amore/img/story-heart-prop.png]
[themes.themebear.co/html-templates/amore/img/clock-icon.png]
[themes.themebear.co/html-templates/amore/img/calendar-icon.png]
[themes.themebear.co/html-templates/amore/img/map-marker-white.png]
[themes.themebear.co/html-templates/amore/img/pink-leaves.png]
[themes.themebear.co/html-templates/amore/img/pink-leaves-alt.png]
[themes.themebear.co/html-templates/amore/img/line-heart.png]
[themes.themebear.co/html-templates/amore/img/icon_blog.png]
[themes.themebear.co/html-templates/amore/img/ico-link-bg.png]
[themes.themebear.co/html-templates/amore/img/quote-bg1.png]
[themes.themebear.co/html-templates/amore/img/quote-bg2.png]
[themes.themebear.co/html-templates/amore/img/maroon-leave-horizontal.png]
[themes.themebear.co/html-templates/amore/img/small-heart-gray.png]
[themes.themebear.co/html-templates/amore/img/sidebar-heading-bg.png]
[themes.themebear.co/html-templates/amore/img/lens.png]
[themes.themebear.co/html-templates/amore/img/maroon-leave-horizontal-big.png]
[themes.themebear.co/html-templates/amore/img/slide-prev.png]
[themes.themebear.co/html-templates/amore/img/slide-next.png]
[themes.themebear.co/html-templates/amore/css/styles.css]
[themes.themebear.co/html-templates/amore/img/img5.jpg]
[themes.themebear.co/html-templates/amore/img/img6.jpg]
[themes.themebear.co/html-templates/amore/img/img3.jpg]
[themes.themebear.co/html-templates/amore/img/img4.jpg]
[themes.themebear.co/html-templates/amore/vendor/jquery.min.js]
[themes.themebear.co/html-templates/amore/archive.html]
[themes.themebear.co/html-templates/amore/single.html]
[themes.themebear.co/html-templates/amore/vendor/bootstrap/fonts/glyphicons-halflings-regular.svg]
[themes.themebear.co/html-templates/amore/vendor/owl.carousel/assets/owl.video.play.html]
[themes.themebear.co/html-templates/amore/vendor/font-awesome/fonts/fontawesome-webfont78ce.svg]
[themes.themebear.co/html-templates/amore/framework/img/list-style-mini.html]
